// Jest Snapshot v1, https://goo.gl/fbAQLP

exports[`utilities generates a correct easing gradient 1`] = `"0.0px 0.0px 8.00px rgba(0, 0, 0, 0.02), 0.0px 0.2px 8.04px rgba(0, 0, 0, 0.03), 0.0px 1.4px 8.32px rgba(0, 0, 0, 0.05), 0.0px 4.8px 9.08px rgba(0, 0, 0, 0.07), 0.0px 11.3px 10.56px rgba(0, 0, 0, 0.09)"`;
