// Jest Snapshot v1, https://goo.gl/fbAQLP

exports[`utilities generates a correct easing gradient 1`] = `"rgb(50.588% 99.608% 91.373%) 0.00%, rgb(51.631% 99.085% 91.488%) 8.04%, rgb(54.415% 97.603% 91.813%) 15.37%, rgb(58.344% 95.283% 92.309%) 22.08%, rgb(62.871% 92.238% 92.939%) 28.28%, rgb(67.588% 88.578% 93.664%) 34.07%, rgb(72.223% 84.406% 94.45%) 39.55%, rgb(76.605% 79.826% 95.263%) 44.83%, rgb(80.629% 74.94% 96.075%) 50.00%, rgb(84.237% 69.853% 96.86%) 55.17%, rgb(87.399% 64.682% 97.596%) 60.45%, rgb(90.1% 59.563% 98.263%) 65.93%, rgb(92.335% 54.669% 98.845%) 71.72%, rgb(94.102% 50.232% 99.325%) 77.92%, rgb(95.393% 46.563% 99.688%) 84.63%, rgb(96.193% 44.057% 99.919%) 91.96%, rgb(96.471% 43.137% 100%) 100.00%"`;
